// Jest Snapshot v1, https://goo.gl/fbAQLP

exports[`<Comments/> renders and matches snapshot 1`] = `
<DocumentFragment>
  <div
    class="style__CommentGrid-sc-10wf6c9-1 uoWPB"
  >
    <div
      class="style__Comment-sc-10wf6c9-0 fgtolA"
      data-testid="comment"
    >
      <p>
        <strong>
          kingmob
        </strong>
        This is a test
        <button
          class="remove-comment"
          data-testid="remove-comment"
        >
          ×
        </button>
      </p>
    </div>
    <form
      class="comment-form"
      data-testid="form"
      id="form"
    >
      <input
        data-testid="author"
        name="author"
        placeholder="Author"
        type="text"
      />
      <input
        data-testid="text"
        name="comment"
        placeholder="Comment here..."
        type="text"
      />
      <input
        hidden=""
        type="submit"
      />
    </form>
  </div>
</DocumentFragment>
`;
