// Jest Snapshot v1, https://goo.gl/fbAQLP

exports[`<Main/> renders and matches snapshot 1`] = `
<DocumentFragment>
  <div
    class="HeaderStyles__Container-sc-18ybl58-0 brYbQH"
  >
    <h1>
      <a
        href="/"
      >
        Rockstagram
      </a>
    </h1>
  </div>
  <div>
    Children
  </div>
</DocumentFragment>
`;
