// Jest Snapshot v1, https://goo.gl/fbAQLP

exports[`<Photo/> renders and matches snapshot 1`] = `
<DocumentFragment>
  <figure
    class="PhotoStyles__Figure-sc-1aj8yko-0 cuFNbv"
  >
    <div
      class="grid-photo-wrap"
    >
      <a
        href="/view/test"
      >
        <img
          alt="This is a test"
          class="grid-photo"
          src="test.jpg"
        />
      </a>
      <div
        class="LikeAnimation__Animation-qbj4g3-0 cogcnK"
      >
        <div>
          <span
            class="like LikeAnimation__Likes-qbj4g3-1 cgrPDV"
          >
            7
          </span>
        </div>
      </div>
    </div>
    <figcaption
      data-testid="caption"
    >
      <p>
        This is a test
      </p>
      <div
        class="control-buttons"
      >
        <button
          class="likes"
        >
          <i
            class="fa fa-heart"
            data-testid="likes"
          />
           7
        </button>
        <a
          class="button"
          href="/view/test"
        >
          <span
            class="comment-count"
            data-testid="count"
          >
            <i
              class="fa fa-comment"
            />
             1
          </span>
        </a>
      </div>
    </figcaption>
  </figure>
</DocumentFragment>
`;
