// Jest Snapshot v1, https://goo.gl/fbAQLP

exports[`<Single/> renders and matches snapshot 1`] = `
<DocumentFragment>
  <div
    class="SingleStyle__SinglePhoto-eqv6z9-0 IUWAb"
  >
    <figure
      class="PhotoStyles__Figure-sc-1aj8yko-0 cuFNbv"
    >
      <div
        class="grid-photo-wrap"
      >
        <a
          href="/view/test"
        >
          <img
            alt="This is a test"
            class="grid-photo"
            src="test.jpg"
          />
        </a>
        <div
          class="LikeAnimation__Animation-qbj4g3-0 cogcnK"
        >
          <div>
            <span
              class="like LikeAnimation__Likes-qbj4g3-1 cgrPDV"
            >
              7
            </span>
          </div>
        </div>
      </div>
      <figcaption
        data-testid="caption"
      >
        <p>
          This is a test
        </p>
        <div
          class="control-buttons"
        >
          <button
            class="likes"
          >
            <i
              class="fa fa-heart"
              data-testid="likes"
            />
             7
          </button>
          <a
            class="button"
            href="/view/test"
          >
            <span
              class="comment-count"
              data-testid="count"
            >
              <i
                class="fa fa-comment"
              />
               1
            </span>
          </a>
        </div>
      </figcaption>
    </figure>
    <div
      class="CommentStyles__CommentGrid-qqfm26-1 gNQaPS"
    >
      <div
        class="CommentStyles__Comment-qqfm26-0 bcqYLs"
        data-testid="comment"
      >
        <p>
          <strong>
            kingmob
          </strong>
          This is a test
          <button
            class="remove-comment"
            data-testid="remove-comment"
          >
            ×
          </button>
        </p>
      </div>
      <form
        class="comment-form"
        data-testid="form"
      >
        <input
          data-testid="author"
          placeholder="Author"
          type="text"
        />
        <input
          data-testid="text"
          placeholder="Comment here..."
          type="text"
        />
        <input
          hidden=""
          type="submit"
        />
      </form>
    </div>
  </div>
</DocumentFragment>
`;
